---
source: src/command/lexer.rs
expression: lexer.tokens
---
[
    Token {
        lexeme: "<&",
        token_type: Operator(
            SquirrelInput,
        ),
        line: 0,
        range: (
            0,
            1,
        ),
    },
    Token {
        lexeme: "1",
        token_type: Word(
            Text,
        ),
        line: 0,
        range: (
            2,
            2,
        ),
    },
]
