---
source: src/command/lexer.rs
expression: lexer.tokens
---
[
    Token {
        lexeme: "ls",
        token_type: Word(
            Text,
        ),
        line: 0,
        range: (
            0,
            1,
        ),
    },
    Token {
        lexeme: "-la",
        token_type: Word(
            Text,
        ),
        line: 0,
        range: (
            3,
            5,
        ),
    },
    Token {
        lexeme: "||",
        token_type: Operators(
            OrIf,
        ),
        line: 0,
        range: (
            6,
            7,
        ),
    },
    Token {
        lexeme: "echo",
        token_type: Word(
            Text,
        ),
        line: 0,
        range: (
            9,
            12,
        ),
    },
    Token {
        lexeme: "foo",
        token_type: Word(
            Text,
        ),
        line: 0,
        range: (
            14,
            16,
        ),
    },
]
