---
source: src/command/parser.rs
expression: results
---
[
    ParseResult {
        cmds: [
            Command {
                tokens: [
                    Token {
                        lexeme: "./ls",
                        token_type: Word(
                            Text,
                        ),
                        line: 0,
                        range: (
                            0,
                            3,
                        ),
                    },
                    Token {
                        lexeme: "-la",
                        token_type: Word(
                            Text,
                        ),
                        line: 0,
                        range: (
                            5,
                            7,
                        ),
                    },
                ],
                path: "./ls",
                negate_exit_status: false,
                is_unqualified_path: true,
            },
        ],
        execute_mode: Normal,
        exit_term: false,
        operator_for_next_exec: None,
    },
]
